// Jest Snapshot v1, https://goo.gl/fbAQLP

exports[`CodePreview match snapshot 1`] = `
<DocumentFragment>
  <div>
    <div
      class="daybreak-code-preview"
    >
      <div
        class="daybreak-code-preview-button-wrapper"
      >
        <button
          class="daybreak-button daybreak-button-normal"
          type="button"
        >
          Code Preview
        </button>
      </div>
    </div>
  </div>
</DocumentFragment>
`;
