// Jest Snapshot v1, https://goo.gl/fbAQLP

exports[`Table match snapshot 1`] = `
<DocumentFragment>
  <div>
    <table
      class="daybreak-table"
    >
      <thead
        class="daybreak-table-thead"
      >
        <tr>
          <th
            class="daybreak-table-th"
          >
            name
          </th>
          <th
            class="daybreak-table-th"
          >
            age
          </th>
        </tr>
      </thead>
      <tbody>
        <tr>
          <td
            class="daybreak-table-td"
          >
            Jack
          </td>
          <td
            class="daybreak-table-td"
          >
            18
          </td>
        </tr>
        <tr>
          <td
            class="daybreak-table-td"
          >
            Amy
          </td>
          <td
            class="daybreak-table-td"
          >
            20
          </td>
        </tr>
        <tr>
          <td
            class="daybreak-table-td"
          >
            Mike
          </td>
          <td
            class="daybreak-table-td"
          >
            19
          </td>
        </tr>
        <tr>
          <td
            class="daybreak-table-td"
          >
            Lily
          </td>
          <td
            class="daybreak-table-td"
          >
            14
          </td>
        </tr>
      </tbody>
    </table>
  </div>
</DocumentFragment>
`;
