// Jest Snapshot v1, https://goo.gl/fbAQLP

exports[`Rating match snapshot 1`] = `
<DocumentFragment>
  <div>
    <div
      class="daybreak-rating"
    >
      <span
        class="daybreak-rating-star daybreak-rating-star-lighten"
        style="transform: scale(1);"
      >
        ★
      </span>
      <span
        class="daybreak-rating-star"
        style="transform: scale(1);"
      >
        ★
      </span>
      <span
        class="daybreak-rating-star"
        style="transform: scale(1);"
      >
        ★
      </span>
      <span
        class="daybreak-rating-star"
        style="transform: scale(1);"
      >
        ★
      </span>
      <span
        class="daybreak-rating-star"
        style="transform: scale(1);"
      >
        ★
      </span>
    </div>
  </div>
</DocumentFragment>
`;
